{"ts":1617655510.132272,"uid":"CGMdCk310pGwQgnrPh","id.orig_h":"192.168.1.187","id.orig_p":36194,"id.resp_h":"216.239.36.21","id.resp_p":80,"trans_depth":1,"method":"POST","host":"ptsv2.com","uri":"/t/bert/post","version":"1.1","user_agent":"python-requests/2.18.4","request_body_len":172,"response_body_len":54,"status_code":200,"status_msg":"OK","tags":[],"orig_fuids":["Fjlmrw3Pg6rOyZOBL4"],"orig_mime_types":["text/plain"],"resp_fuids":["FKmSgb2mzdLrB802re"],"resp_mime_types":["text/plain"]}
{"ts":1617655511.309948,"uid":"CBiDE02k9THb6E0dDk","id.orig_h":"192.168.1.187","id.orig_p":36196,"id.resp_h":"216.239.36.21","id.resp_p":80,"trans_depth":1,"method":"POST","host":"ptsv2.com","uri":"/t/bert/post","version":"1.1","user_agent":"python-requests/2.18.4","request_body_len":172,"response_body_len":54,"status_code":200,"status_msg":"OK","tags":[],"orig_fuids":["F6FzbU2RhtkmOEWaO8"],"orig_mime_types":["text/plain"],"resp_fuids":["F7vtC93j4jrwq2MZ2"],"resp_mime_types":["text/plain"]}
{"ts":1617655512.517595,"uid":"CxDZUi1kVBtAaAMLzf","id.orig_h":"192.168.1.187","id.orig_p":36198,"id.resp_h":"216.239.36.21","id.resp_p":80,"trans_depth":1,"method":"POST","host":"ptsv2.com","uri":"/t/bert/post","version":"1.1","user_agent":"python-requests/2.18.4","request_body_len":172,"response_body_len":54,"status_code":200,"status_msg":"OK","tags":[],"orig_fuids":["Fl3usW3hw7GWYE1RVe"],"orig_mime_types":["text/plain"],"resp_fuids":["FUna9v1vDm1u0XUWq7"],"resp_mime_types":["text/plain"]}